// Jest Snapshot v1, https://goo.gl/fbAQLP

exports[`AppTabs should render 1`] = `
<View
  style={
    Object {
      "alignSelf": "flex-start",
      "flexDirection": "row",
    }
  }
>
  <View
    accessible={true}
    collapsable={false}
    focusable={true}
    nativeID="animatedComponent"
    onClick={[Function]}
    onResponderGrant={[Function]}
    onResponderMove={[Function]}
    onResponderRelease={[Function]}
    onResponderTerminate={[Function]}
    onResponderTerminationRequest={[Function]}
    onStartShouldSetResponder={[Function]}
    style={
      Object {
        "opacity": 1,
      }
    }
    testID="leftTab"
  >
    <View
      style={
        Array [
          Object {
            "borderBottomLeftRadius": 40,
            "borderTopLeftRadius": 40,
            "marginRight": 2,
          },
          Object {
            "alignItems": "center",
            "backgroundColor": "#E2E2E2",
            "borderColor": "#fff",
            "borderWidth": 1,
            "elevation": 3,
            "paddingHorizontal": 14,
            "paddingVertical": 8,
            "shadowColor": "#181725",
            "shadowOffset": Object {
              "height": 1,
              "width": 0,
            },
            "shadowOpacity": 0.22,
            "shadowRadius": 2.22,
          },
          Object {
            "backgroundColor": "#FF5823",
          },
        ]
      }
    >
      <Text
        style={
          Array [
            Object {
              "fontFamily": "Poppins-Regular",
              "fontSize": 16,
            },
            Object {
              "color": "#fff",
            },
          ]
        }
        testID="tab1Txt"
      >
        Customer
      </Text>
    </View>
  </View>
  <View
    accessible={true}
    collapsable={false}
    focusable={true}
    nativeID="animatedComponent"
    onClick={[Function]}
    onResponderGrant={[Function]}
    onResponderMove={[Function]}
    onResponderRelease={[Function]}
    onResponderTerminate={[Function]}
    onResponderTerminationRequest={[Function]}
    onStartShouldSetResponder={[Function]}
    style={
      Object {
        "opacity": 1,
      }
    }
    testID="middleTab"
  >
    <View
      style={
        Array [
          Object {
            "marginRight": 2,
          },
          Object {
            "alignItems": "center",
            "backgroundColor": "#E2E2E2",
            "borderColor": "#fff",
            "borderWidth": 1,
            "elevation": 3,
            "paddingHorizontal": 14,
            "paddingVertical": 8,
            "shadowColor": "#181725",
            "shadowOffset": Object {
              "height": 1,
              "width": 0,
            },
            "shadowOpacity": 0.22,
            "shadowRadius": 2.22,
          },
          false,
        ]
      }
    >
      <Text
        style={
          Array [
            Object {
              "fontFamily": "Poppins-Regular",
              "fontSize": 16,
            },
            false,
          ]
        }
        testID="tab2Txt"
      >
        Owner
      </Text>
    </View>
  </View>
  <View
    accessible={true}
    collapsable={false}
    focusable={true}
    nativeID="animatedComponent"
    onClick={[Function]}
    onResponderGrant={[Function]}
    onResponderMove={[Function]}
    onResponderRelease={[Function]}
    onResponderTerminate={[Function]}
    onResponderTerminationRequest={[Function]}
    onStartShouldSetResponder={[Function]}
    style={
      Object {
        "opacity": 1,
      }
    }
    testID="rightTab"
  >
    <View
      style={
        Array [
          Object {
            "borderBottomRightRadius": 40,
            "borderTopRightRadius": 40,
          },
          Object {
            "alignItems": "center",
            "backgroundColor": "#E2E2E2",
            "borderColor": "#fff",
            "borderWidth": 1,
            "elevation": 3,
            "paddingHorizontal": 14,
            "paddingVertical": 8,
            "shadowColor": "#181725",
            "shadowOffset": Object {
              "height": 1,
              "width": 0,
            },
            "shadowOpacity": 0.22,
            "shadowRadius": 2.22,
          },
          false,
        ]
      }
    >
      <Text
        style={
          Array [
            Object {
              "fontFamily": "Poppins-Regular",
              "fontSize": 16,
            },
            false,
          ]
        }
        testID="tab3Txt"
      >
        Admin
      </Text>
    </View>
  </View>
</View>
`;
