// Jest Snapshot v1, https://goo.gl/fbAQLP

exports[`OwnerReply should render 1`] = `
<View
  style={
    Object {
      "borderLeftColor": "#E2E2E2",
      "borderLeftWidth": 4,
      "paddingLeft": 10,
      "paddingTop": 5,
    }
  }
>
  <View
    style={
      Object {
        "alignItems": "center",
        "flexDirection": "row",
      }
    }
  >
    <Image
      source={
        Object {
          "testUri": "../../../src/assets/guest-pic.png",
        }
      }
      style={
        Object {
          "height": 30,
          "width": 30,
        }
      }
    />
    <Text
      style={
        Object {
          "color": "#181725",
          "fontFamily": "Poppins-Bold",
          "fontSize": 14,
          "marginLeft": 10,
        }
      }
      testID="ownerTitle"
    >
      Business Owner
    </Text>
  </View>
  <Text
    testID="ownerReply"
  >
    Hey sorry that we couldn't meet your expectations
  </Text>
</View>
`;
