// Jest Snapshot v1, https://goo.gl/fbAQLP

exports[`ThreeVerticalDots should render 1`] = `
<View
  style={
    Object {
      "flex": 1,
      "height": 300,
      "position": "absolute",
      "right": 0,
      "width": 300,
    }
  }
>
  <View
    accessible={true}
    collapsable={false}
    focusable={true}
    nativeID="animatedComponent"
    onClick={[Function]}
    onResponderGrant={[Function]}
    onResponderMove={[Function]}
    onResponderRelease={[Function]}
    onResponderTerminate={[Function]}
    onResponderTerminationRequest={[Function]}
    onStartShouldSetResponder={[Function]}
    style={
      Object {
        "alignSelf": "flex-end",
        "opacity": 1,
      }
    }
  >
    <Image
      source={
        Object {
          "testUri": "../../../src/assets/moreIc/moreIc.png",
        }
      }
    />
  </View>
</View>
`;
