// Jest Snapshot v1, https://goo.gl/fbAQLP

exports[`Users should render 1`] = `
<View
  style={
    Object {
      "alignItems": "center",
      "flex": 1,
      "flexDirection": "row",
    }
  }
>
  <Image
    source={
      Object {
        "uri": "https://source.unsplash.com/user/picoftasty",
      }
    }
    style={
      Object {
        "borderRadius": 22.5,
        "height": 45,
        "width": 45,
      }
    }
  />
  <View
    style={
      Object {
        "marginLeft": 10,
      }
    }
  >
    <Text
      style={
        Object {
          "fontFamily": "Poppins-Bold",
          "fontSize": 16,
        }
      }
      testID="name"
    >
      name
    </Text>
    <Text
      style={
        Object {
          "color": "#7C7C7C",
          "fontFamily": "Poppins-Regular",
          "fontSize": 12,
        }
      }
      testID="userType"
    >
      usertype
    </Text>
  </View>
  <View
    accessible={true}
    collapsable={false}
    focusable={true}
    nativeID="animatedComponent"
    onClick={[Function]}
    onResponderGrant={[Function]}
    onResponderMove={[Function]}
    onResponderRelease={[Function]}
    onResponderTerminate={[Function]}
    onResponderTerminationRequest={[Function]}
    onStartShouldSetResponder={[Function]}
    style={
      Object {
        "height": 24,
        "opacity": 1,
        "position": "absolute",
        "right": 0,
        "width": 24,
      }
    }
    testID="deleteIc"
  >
    <Image
      source={
        Object {
          "testUri": "../../../src/assets/deleteIc/deleteIc.png",
        }
      }
    />
  </View>
</View>
`;
