// Jest Snapshot v1, https://goo.gl/fbAQLP

exports[`Restaurant should render 1`] = `
<View
  accessible={true}
  collapsable={false}
  focusable={true}
  nativeID="animatedComponent"
  onClick={[Function]}
  onResponderGrant={[Function]}
  onResponderMove={[Function]}
  onResponderRelease={[Function]}
  onResponderTerminate={[Function]}
  onResponderTerminationRequest={[Function]}
  onStartShouldSetResponder={[Function]}
  style={
    Object {
      "opacity": 1,
    }
  }
>
  <View
    style={
      Object {
        "alignItems": "center",
        "flexDirection": "row",
      }
    }
  >
    <Image
      source={
        Object {
          "uri": "https://source.unsplash.com/user/picoftasty",
        }
      }
      style={
        Object {
          "borderRadius": 10,
          "height": 80,
          "marginEnd": 20,
          "width": 80,
        }
      }
    />
    <View>
      <Text
        numberOfLines={1}
        style={
          Object {
            "color": "#181725",
            "fontFamily": "Poppins-Regular",
            "fontSize": 24,
            "lineHeight": 29,
            "marginTop": 5,
            "maxWidth": 200,
          }
        }
      >
        California Roll
      </Text>
      <View
        style={
          Object {
            "flexDirection": "row",
            "marginVertical": 5,
          }
        }
      >
        <Text
          style={
            Object {
              "color": "#7C7C7C",
              "fontFamily": "Poppins-Regular",
              "fontSize": 12,
              "marginRight": 10,
            }
          }
        >
          4.5
        </Text>
        <RCTScrollView
          ItemSeparatorComponent={[Function]}
          data={
            Array [
              1,
              2,
              3,
              4,
              5,
            ]
          }
          getItem={[Function]}
          getItemCount={[Function]}
          horizontal={true}
          keyExtractor={[Function]}
          onContentSizeChange={[Function]}
          onLayout={[Function]}
          onMomentumScrollBegin={[Function]}
          onMomentumScrollEnd={[Function]}
          onScroll={[Function]}
          onScrollBeginDrag={[Function]}
          onScrollEndDrag={[Function]}
          removeClippedSubviews={false}
          renderItem={[Function]}
          scrollEnabled={false}
          scrollEventThrottle={50}
          stickyHeaderIndices={Array []}
          viewabilityConfigCallbackPairs={Array []}
        >
          <View>
            <View
              onLayout={[Function]}
              style={
                Array [
                  Object {
                    "flexDirection": "row",
                  },
                  null,
                ]
              }
            >
              <View
                accessible={true}
                collapsable={false}
                focusable={true}
                nativeID="animatedComponent"
                onClick={[Function]}
                onResponderGrant={[Function]}
                onResponderMove={[Function]}
                onResponderRelease={[Function]}
                onResponderTerminate={[Function]}
                onResponderTerminationRequest={[Function]}
                onStartShouldSetResponder={[Function]}
                style={
                  Object {
                    "opacity": 1,
                  }
                }
              >
                <Text
                  allowFontScaling={false}
                  style={
                    Array [
                      Object {
                        "color": "#FF5823",
                        "fontSize": 15,
                      },
                      undefined,
                      Object {
                        "fontFamily": "FontAwesome",
                        "fontStyle": "normal",
                        "fontWeight": "normal",
                      },
                      Object {},
                    ]
                  }
                  testID="font-icon"
                >
                  
                </Text>
              </View>
              <View
                style={
                  Array [
                    Object {
                      "marginRight": 5,
                    },
                    undefined,
                  ]
                }
              />
            </View>
            <View
              onLayout={[Function]}
              style={
                Array [
                  Object {
                    "flexDirection": "row",
                  },
                  null,
                ]
              }
            >
              <View
                accessible={true}
                collapsable={false}
                focusable={true}
                nativeID="animatedComponent"
                onClick={[Function]}
                onResponderGrant={[Function]}
                onResponderMove={[Function]}
                onResponderRelease={[Function]}
                onResponderTerminate={[Function]}
                onResponderTerminationRequest={[Function]}
                onStartShouldSetResponder={[Function]}
                style={
                  Object {
                    "opacity": 1,
                  }
                }
              >
                <Text
                  allowFontScaling={false}
                  style={
                    Array [
                      Object {
                        "color": "#FF5823",
                        "fontSize": 15,
                      },
                      undefined,
                      Object {
                        "fontFamily": "FontAwesome",
                        "fontStyle": "normal",
                        "fontWeight": "normal",
                      },
                      Object {},
                    ]
                  }
                  testID="font-icon"
                >
                  
                </Text>
              </View>
              <View
                style={
                  Array [
                    Object {
                      "marginRight": 5,
                    },
                    undefined,
                  ]
                }
              />
            </View>
            <View
              onLayout={[Function]}
              style={
                Array [
                  Object {
                    "flexDirection": "row",
                  },
                  null,
                ]
              }
            >
              <View
                accessible={true}
                collapsable={false}
                focusable={true}
                nativeID="animatedComponent"
                onClick={[Function]}
                onResponderGrant={[Function]}
                onResponderMove={[Function]}
                onResponderRelease={[Function]}
                onResponderTerminate={[Function]}
                onResponderTerminationRequest={[Function]}
                onStartShouldSetResponder={[Function]}
                style={
                  Object {
                    "opacity": 1,
                  }
                }
              >
                <Text
                  allowFontScaling={false}
                  style={
                    Array [
                      Object {
                        "color": "#FF5823",
                        "fontSize": 15,
                      },
                      undefined,
                      Object {
                        "fontFamily": "FontAwesome",
                        "fontStyle": "normal",
                        "fontWeight": "normal",
                      },
                      Object {},
                    ]
                  }
                  testID="font-icon"
                >
                  
                </Text>
              </View>
              <View
                style={
                  Array [
                    Object {
                      "marginRight": 5,
                    },
                    undefined,
                  ]
                }
              />
            </View>
            <View
              onLayout={[Function]}
              style={
                Array [
                  Object {
                    "flexDirection": "row",
                  },
                  null,
                ]
              }
            >
              <View
                accessible={true}
                collapsable={false}
                focusable={true}
                nativeID="animatedComponent"
                onClick={[Function]}
                onResponderGrant={[Function]}
                onResponderMove={[Function]}
                onResponderRelease={[Function]}
                onResponderTerminate={[Function]}
                onResponderTerminationRequest={[Function]}
                onStartShouldSetResponder={[Function]}
                style={
                  Object {
                    "opacity": 1,
                  }
                }
              >
                <Text
                  allowFontScaling={false}
                  style={
                    Array [
                      Object {
                        "color": "#FF5823",
                        "fontSize": 15,
                      },
                      undefined,
                      Object {
                        "fontFamily": "FontAwesome",
                        "fontStyle": "normal",
                        "fontWeight": "normal",
                      },
                      Object {},
                    ]
                  }
                  testID="font-icon"
                >
                  
                </Text>
              </View>
              <View
                style={
                  Array [
                    Object {
                      "marginRight": 5,
                    },
                    undefined,
                  ]
                }
              />
            </View>
            <View
              onLayout={[Function]}
              style={
                Array [
                  Object {
                    "flexDirection": "row",
                  },
                  null,
                ]
              }
            >
              <View
                accessible={true}
                collapsable={false}
                focusable={true}
                nativeID="animatedComponent"
                onClick={[Function]}
                onResponderGrant={[Function]}
                onResponderMove={[Function]}
                onResponderRelease={[Function]}
                onResponderTerminate={[Function]}
                onResponderTerminationRequest={[Function]}
                onStartShouldSetResponder={[Function]}
                style={
                  Object {
                    "opacity": 1,
                  }
                }
              >
                <Text
                  allowFontScaling={false}
                  style={
                    Array [
                      Object {
                        "color": "#FF5823",
                        "fontSize": 15,
                      },
                      undefined,
                      Object {
                        "fontFamily": "FontAwesome",
                        "fontStyle": "normal",
                        "fontWeight": "normal",
                      },
                      Object {},
                    ]
                  }
                  testID="font-icon"
                >
                  
                </Text>
              </View>
            </View>
          </View>
        </RCTScrollView>
      </View>
    </View>
    <Text
      allowFontScaling={false}
      style={
        Array [
          Object {
            "color": "#181725",
            "fontSize": 40,
          },
          Object {
            "position": "absolute",
            "right": 10,
          },
          Object {
            "fontFamily": "Material Design Icons",
            "fontStyle": "normal",
            "fontWeight": "normal",
          },
          Object {},
        ]
      }
    >
      󰅂
    </Text>
  </View>
</View>
`;
