// Jest Snapshot v1, https://goo.gl/fbAQLP

exports[`CustomTextInput should render 1`] = `
<View>
  <View
    style={
      Object {
        "flexDirection": "row",
      }
    }
  >
    <TextInput
      autoCapitalize="none"
      onChangeText={[Function]}
      returnKeyType="done"
      style={
        Array [
          Object {
            "borderBottomWidth": 1,
            "borderColor": "rgba(30, 33, 76,0.1)",
            "borderRadius": 4,
            "color": "#181725",
            "fontFamily": "Poppins-Regular",
            "fontSize": 16,
            "marginBottom": 10,
            "marginTop": 10,
            "opacity": 0.8,
            "paddingHorizontal": 3,
            "paddingVertical": 15,
            "width": "100%",
          },
          false,
          undefined,
        ]
      }
      testID="items"
    />
  </View>
</View>
`;
